// Jest Snapshot v1, https://goo.gl/fbAQLP

exports[`balancewatcher 1`] = `
Array [
  Object {
    "body": Object {
      "account": "0x8c0c36c85192204c8d782f763ff5a30f5ba0192f",
      "balance": "2658482.024187534230024041",
      "blockHash": "0x15d73413b167b8fe2ac9746ce03b74caf20c712d2b0144ffec89a4b02b31fa69",
      "blockNumber": 19588263,
      "contract": "0xe91d153e0b41518a2ce8dd3d7944fa863463a97d",
      "ethBalance": "0.000000000000000000",
    },
    "time": 1639552555000,
    "type": "balance",
  },
  Object {
    "body": Object {
      "account": "0x9008d19f58aabd9ed0d60971565aa8510560ab41",
      "balance": "396.601497742790230302",
      "blockHash": "0x15d73413b167b8fe2ac9746ce03b74caf20c712d2b0144ffec89a4b02b31fa69",
      "blockNumber": 19588263,
      "contract": "0xe91d153e0b41518a2ce8dd3d7944fa863463a97d",
      "ethBalance": "0.000000000000000014",
    },
    "time": 1639552555000,
    "type": "balance",
  },
  Object {
    "body": Object {
      "account": "0x1865d5445010e0baf8be2eb410d3eae4a68683c2",
      "balance": "1086971.038410192057465927",
      "blockHash": "0x15d73413b167b8fe2ac9746ce03b74caf20c712d2b0144ffec89a4b02b31fa69",
      "blockNumber": 19588263,
      "contract": "0xe91d153e0b41518a2ce8dd3d7944fa863463a97d",
      "ethBalance": "0.000000000000000000",
    },
    "time": 1639552555000,
    "type": "balance",
  },
  Object {
    "body": Object {
      "account": "0x9008d19f58aabd9ed0d60971565aa8510560ab41",
      "balance": "396.601497742790230302",
      "blockHash": "0x15d73413b167b8fe2ac9746ce03b74caf20c712d2b0144ffec89a4b02b31fa69",
      "blockNumber": 19588263,
      "contract": "0xe91d153e0b41518a2ce8dd3d7944fa863463a97d",
      "ethBalance": "0.000000000000000014",
    },
    "time": 1639552555000,
    "type": "balance",
  },
  Object {
    "body": Object {
      "account": "0xe5759714998e8b50a33c7333c04c2d02e5dce77f",
      "balance": "0.000000000000000000",
      "blockHash": "0xb1fb0b96af1e305513c8cb992567b899ac376cf0081760bd79abe15a5e686b27",
      "blockNumber": 19588276,
      "contract": "0xe91d153e0b41518a2ce8dd3d7944fa863463a97d",
      "ethBalance": "0.000000000000000000",
    },
    "time": 1639552620000,
    "type": "balance",
  },
  Object {
    "body": Object {
      "account": "0x52eeff79eeceaf8162b4e5fa383dcfea4d78dc98",
      "balance": "162055.903714243311408350",
      "blockHash": "0xb1fb0b96af1e305513c8cb992567b899ac376cf0081760bd79abe15a5e686b27",
      "blockNumber": 19588276,
      "contract": "0xe91d153e0b41518a2ce8dd3d7944fa863463a97d",
      "ethBalance": "0.000000000000000000",
    },
    "time": 1639552620000,
    "type": "balance",
  },
  Object {
    "body": Object {
      "account": "0x24afdca4653042c6d08fb1a754b2535dacf6eb24",
      "balance": "35029.885008572241645008",
      "blockHash": "0xfb6ad9fae309517039adcdd9907584df3ca29374b4777f3fa7828151ef4b7735",
      "blockNumber": 19588278,
      "contract": "0xe91d153e0b41518a2ce8dd3d7944fa863463a97d",
      "ethBalance": "0.000000000000000000",
    },
    "time": 1639552630000,
    "type": "balance",
  },
  Object {
    "body": Object {
      "account": "0xe432da6e92f024c68ebd300b7191a8e2859e9039",
      "balance": "31.063523989322339355",
      "blockHash": "0xfb6ad9fae309517039adcdd9907584df3ca29374b4777f3fa7828151ef4b7735",
      "blockNumber": 19588278,
      "contract": "0xe91d153e0b41518a2ce8dd3d7944fa863463a97d",
      "ethBalance": "1.998500324866891436",
    },
    "time": 1639552630000,
    "type": "balance",
  },
  Object {
    "body": Object {
      "account": "0x1b02da8cb0d097eb8d57a175b88c7d8b47997506",
      "balance": "0.000000000000000000",
      "blockHash": "0x2fa25e426ea987e6fb991fa42b9fd226a7223f196b6954ee4ca5945133ce20d1",
      "blockNumber": 19588279,
      "contract": "0xe91d153e0b41518a2ce8dd3d7944fa863463a97d",
      "ethBalance": "0.000000000000000000",
    },
    "time": 1639552635000,
    "type": "balance",
  },
  Object {
    "body": Object {
      "account": "0xc704050a17af0caed763431b80e38e8d8ff15591",
      "balance": "453856.482894956902087461",
      "blockHash": "0x2fa25e426ea987e6fb991fa42b9fd226a7223f196b6954ee4ca5945133ce20d1",
      "blockNumber": 19588279,
      "contract": "0xe91d153e0b41518a2ce8dd3d7944fa863463a97d",
      "ethBalance": "0.000000000000000000",
    },
    "time": 1639552635000,
    "type": "balance",
  },
  Object {
    "body": Object {
      "account": "0x5805bb63e73ec272c74e210d280c05b41d719827",
      "balance": "16212.975608344552347985",
      "blockHash": "0x2fa25e426ea987e6fb991fa42b9fd226a7223f196b6954ee4ca5945133ce20d1",
      "blockNumber": 19588279,
      "contract": "0xe91d153e0b41518a2ce8dd3d7944fa863463a97d",
      "ethBalance": "0.000000000000000000",
    },
    "time": 1639552635000,
    "type": "balance",
  },
  Object {
    "body": Object {
      "account": "0x1c232f01118cb8b424793ae03f870aa7d0ac7f77",
      "balance": "0.000000000000000000",
      "blockHash": "0x2fa25e426ea987e6fb991fa42b9fd226a7223f196b6954ee4ca5945133ce20d1",
      "blockNumber": 19588279,
      "contract": "0xe91d153e0b41518a2ce8dd3d7944fa863463a97d",
      "ethBalance": "0.000000000000000000",
    },
    "time": 1639552635000,
    "type": "balance",
  },
  Object {
    "body": Object {
      "account": "0xa227c72a4055a9dc949cae24f54535fe890d3663",
      "balance": "2069834.816844046862756244",
      "blockHash": "0xe26eab1018c141e566522a1ed418f7926c9f21bed9919e38a9cc3ce313ab0969",
      "blockNumber": 19588285,
      "contract": "0xe91d153e0b41518a2ce8dd3d7944fa863463a97d",
      "ethBalance": "0.000000000000000000",
    },
    "time": 1639552665000,
    "type": "balance",
  },
  Object {
    "body": Object {
      "account": "0x1b02da8cb0d097eb8d57a175b88c7d8b47997506",
      "balance": "0.000000000000000000",
      "blockHash": "0xe26eab1018c141e566522a1ed418f7926c9f21bed9919e38a9cc3ce313ab0969",
      "blockNumber": 19588285,
      "contract": "0xe91d153e0b41518a2ce8dd3d7944fa863463a97d",
      "ethBalance": "0.000000000000000000",
    },
    "time": 1639552665000,
    "type": "balance",
  },
  Object {
    "body": Object {
      "account": "0x2b6ebd2502b8182da13f9c4a71d4ba8a7a3f7011",
      "balance": "0.000000000000000000",
      "blockHash": "0xdaded7f6fb9c717eac15f09e2e5873e4570467495b37351f56569818e0fe65f9",
      "blockNumber": 19588292,
      "contract": "0xe91d153e0b41518a2ce8dd3d7944fa863463a97d",
      "ethBalance": "0.260765518572927979",
    },
    "time": 1639552700000,
    "type": "balance",
  },
  Object {
    "body": Object {
      "account": "0xb59da143ba3197dd5ea3844f429d37a1c2b1afd8",
      "balance": "336.607138288936731520",
      "blockHash": "0xdaded7f6fb9c717eac15f09e2e5873e4570467495b37351f56569818e0fe65f9",
      "blockNumber": 19588292,
      "contract": "0xe91d153e0b41518a2ce8dd3d7944fa863463a97d",
      "ethBalance": "0.000000000000000000",
    },
    "time": 1639552700000,
    "type": "balance",
  },
]
`;
